
> swargaari@1.0.0 build
> next build

node.exe : ΓÜá 
Warning: Next.js 
inferred your 
workspace root, but it 
may not be correct.
At line:1 char:1
+ & "C:\Program 
Files\nodejs/node.exe" 
"C:\Users\OMPRASAD\AppD
ata\Roami ...
+ ~~~~~~~~~~~~~~~~~~~~~
~~~~~~~~~~~~~~~~~~~~~~~
~~~~~~~~~~~~~~~~~~~~~~~
~~
    + CategoryInfo     
         : 
NotSpecified: (ΓÜá     
Warning: Ne...not be   
  correct.:String) [], 
R    emoteException
    + 
FullyQualifiedErrorI   
 d : NativeCommandError
 
 We detected multiple 
lockfiles and selected 
the directory of C:\Use
rs\OMPRASAD\package-loc
k.json as the root 
directory.
 To silence this 
warning, set 
`turbopack.root` in 
your Next.js config, 
or consider removing 
one of the lockfiles 
if it's not needed.
   See https://nextjs.o
rg/docs/app/api-referen
ce/config/next-config-j
s/turbopack#root-direct
ory for more 
information.
 Detected additional 
lockfiles: 
   * C:\Users\OMPRASAD\
swargiri\frontend\packa
ge-lock.json

Γû▓ Next.js 16.1.6 (Turbopack)
- Environments: .env.local

  Creating an optimized production build ...

> Build error occurred
Error: Turbopack build 
failed with 3 errors:
./swargiri/frontend/src
/app/[god]/[bhajan]/pag
e.tsx:2:1
Module not found: 
Can't resolve '../../..
/../data/bhajans.json'
[0m [90m 1 |[39m 
[36mimport[39m { 
[33mMetadata[39m } 
[36mfrom[39m [32m"ne
xt"[39m[33m;[39m
[31m[1m>[22m[39m[9
0m 2 |[39m 
[36mimport[39m 
bhajansData 
[36mfrom[39m [32m"..
/../../../data/bhajans.
json"[39m[33m;[39m
 [90m   |[39m [31m[
1m^[22m[39m[31m[1m^
[22m[39m[31m[1m^[2
2m[39m[31m[1m^[22m
[39m[31m[1m^[22m[39
m[31m[1m^[22m[39m[
31m[1m^[22m[39m[31m
[1m^[22m[39m[31m[1
m^[22m[39m[31m[1m^
[22m[39m[31m[1m^[22
m[39m[31m[1m^[22m[
39m[31m[1m^[22m[39m
[31m[1m^[22m[39m[3
1m[1m^[22m[39m[31m
[1m^[22m[39m[31m[1m
^[22m[39m[31m[1m^[
22m[39m[31m[1m^[22m
[39m[31m[1m^[22m[3
9m[31m[1m^[22m[39m
[31m[1m^[22m[39m[31
m[1m^[22m[39m[31m[
1m^[22m[39m[31m[1m^
[22m[39m[31m[1m^[2
2m[39m[31m[1m^[22m
[39m[31m[1m^[22m[39
m[31m[1m^[22m[39m[
31m[1m^[22m[39m[31m
[1m^[22m[39m[31m[1
m^[22m[39m[31m[1m^
[22m[39m[31m[1m^[22
m[39m[31m[1m^[22m[
39m[31m[1m^[22m[39m
[31m[1m^[22m[39m[3
1m[1m^[22m[39m[31m
[1m^[22m[39m[31m[1m
^[22m[39m[31m[1m^[
22m[39m[31m[1m^[22m
[39m[31m[1m^[22m[3
9m[31m[1m^[22m[39m
[31m[1m^[22m[39m[31
m[1m^[22m[39m[31m[
1m^[22m[39m[31m[1m^
[22m[39m[31m[1m^[2
2m[39m[31m[1m^[22m
[39m[31m[1m^[22m[39
m[31m[1m^[22m[39m[
31m[1m^[22m[39m[31m
[1m^[22m[39m[31m[1
m^[22m[39m[31m[1m^
[22m[39m
 [90m 3 |[39m 
[36mimport[39m 
[33mYouTubeEmbed[39m 
[36mfrom[39m [32m"..
/../../components/YouTu
beEmbed"[39m[33m;[39
m
 [90m 4 |[39m 
[36mimport[39m 
[33mBhajanCard[39m 
[36mfrom[39m [32m"..
/../../components/Bhaja
nCard"[39m[33m;[39m
 [90m 5 |[39m 
[36mimport[39m { 
capitalize } 
[36mfrom[39m [32m"..
/../../utils/helpers"[
39m[33m;[39m[0m



https://nextjs.org/docs
/messages/module-not-fo
und


./swargiri/frontend/src
/app/[god]/page.tsx:2:1
Module not found: 
Can't resolve '../../..
/data/bhajans.json'
[0m [90m 1 |[39m 
[36mimport[39m { 
[33mMetadata[39m } 
[36mfrom[39m [32m"ne
xt"[39m[33m;[39m
[31m[1m>[22m[39m[9
0m 2 |[39m 
[36mimport[39m 
bhajansData 
[36mfrom[39m [32m"..
/../../data/bhajans.jso
n"[39m[33m;[39m
 [90m   |[39m [31m[
1m^[22m[39m[31m[1m^
[22m[39m[31m[1m^[2
2m[39m[31m[1m^[22m
[39m[31m[1m^[22m[39
m[31m[1m^[22m[39m[
31m[1m^[22m[39m[31m
[1m^[22m[39m[31m[1
m^[22m[39m[31m[1m^
[22m[39m[31m[1m^[22
m[39m[31m[1m^[22m[
39m[31m[1m^[22m[39m
[31m[1m^[22m[39m[3
1m[1m^[22m[39m[31m
[1m^[22m[39m[31m[1m
^[22m[39m[31m[1m^[
22m[39m[31m[1m^[22m
[39m[31m[1m^[22m[3
9m[31m[1m^[22m[39m
[31m[1m^[22m[39m[31
m[1m^[22m[39m[31m[
1m^[22m[39m[31m[1m^
[22m[39m[31m[1m^[2
2m[39m[31m[1m^[22m
[39m[31m[1m^[22m[39
m[31m[1m^[22m[39m[
31m[1m^[22m[39m[31m
[1m^[22m[39m[31m[1
m^[22m[39m[31m[1m^
[22m[39m[31m[1m^[22
m[39m[31m[1m^[22m[
39m[31m[1m^[22m[39m
[31m[1m^[22m[39m[3
1m[1m^[22m[39m[31m
[1m^[22m[39m[31m[1m
^[22m[39m[31m[1m^[
22m[39m[31m[1m^[22m
[39m[31m[1m^[22m[3
9m[31m[1m^[22m[39m
[31m[1m^[22m[39m[31
m[1m^[22m[39m[31m[
1m^[22m[39m[31m[1m^
[22m[39m[31m[1m^[2
2m[39m[31m[1m^[22m
[39m[31m[1m^[22m[39
m[31m[1m^[22m[39m[
31m[1m^[22m[39m
 [90m 3 |[39m 
[36mimport[39m 
[33mBhajanCard[39m 
[36mfrom[39m [32m"..
/../components/BhajanCa
rd"[39m[33m;[39m
 [90m 4 |[39m 
[36mimport[39m { 
capitalize } 
[36mfrom[39m [32m"..
/../utils/helpers"[39m
[33m;[39m
 [90m 5 |[39m 
[36mimport[39m { [33
mFadeIn[39m[33m,[39m
 [33mScaleIn[39m } 
[36mfrom[39m [32m"..
/../components/MotionWr
apper"[39m[33m;[39m
[0m



https://nextjs.org/docs
/messages/module-not-fo
und


./swargiri/frontend/src
/components/LottieLotus
.tsx:3:1
Module not found: 
Can't resolve 
'lottie-react'
[0m [90m 1 |[39m 
[32m"use 
client"[39m[33m;[39m
 [90m 2 |[39m
[31m[1m>[22m[39m[9
0m 3 |[39m 
[36mimport[39m 
[33mLottie[39m 
[36mfrom[39m [32m"lo
ttie-react"[39m[33m;
[39m
 [90m   |[39m [31m[
1m^[22m[39m[31m[1m^
[22m[39m[31m[1m^[2
2m[39m[31m[1m^[22m
[39m[31m[1m^[22m[39
m[31m[1m^[22m[39m[
31m[1m^[22m[39m[31m
[1m^[22m[39m[31m[1
m^[22m[39m[31m[1m^
[22m[39m[31m[1m^[22
m[39m[31m[1m^[22m[
39m[31m[1m^[22m[39m
[31m[1m^[22m[39m[3
1m[1m^[22m[39m[31m
[1m^[22m[39m[31m[1m
^[22m[39m[31m[1m^[
22m[39m[31m[1m^[22m
[39m[31m[1m^[22m[3
9m[31m[1m^[22m[39m
[31m[1m^[22m[39m[31
m[1m^[22m[39m[31m[
1m^[22m[39m[31m[1m^
[22m[39m[31m[1m^[2
2m[39m[31m[1m^[22m
[39m[31m[1m^[22m[39
m[31m[1m^[22m[39m[
31m[1m^[22m[39m[31m
[1m^[22m[39m[31m[1
m^[22m[39m[31m[1m^
[22m[39m[31m[1m^[22
m[39m
 [90m 4 |[39m 
[36mimport[39m 
lotusAnimation 
[36mfrom[39m [32m"@/
assets/lotus.json"[39m
[33m;[39m
 [90m 5 |[39m
 [90m 6 |[39m 
[36mexport[39m 
[36mfunction[39m [33
mLottieLotus[39m() 
{[0m



Import traces:
  Client Component 
Browser:
    ./swargiri/frontend
/src/components/LottieL
otus.tsx [Client 
Component Browser]
    ./swargiri/frontend
/src/app/page.tsx 
[Client Component 
Browser]
    ./swargiri/frontend
/src/app/page.tsx 
[Server Component]

  Client Component SSR:
    ./swargiri/frontend
/src/components/LottieL
otus.tsx [Client 
Component SSR]
    ./swargiri/frontend
/src/app/page.tsx 
[Client Component SSR]
    ./swargiri/frontend
/src/app/page.tsx 
[Server Component]

https://nextjs.org/docs
/messages/module-not-fo
und


    at <unknown> (./swa
rgiri/frontend/src/app/
[god]/[bhajan]/page.tsx
:2:1)
    at <unknown> (https
://nextjs.org/docs/mess
ages/module-not-found)
    at <unknown> (./swa
rgiri/frontend/src/app/
[god]/page.tsx:2:1)
    at <unknown> (https
://nextjs.org/docs/mess
ages/module-not-found)
    at <unknown> (./swa
rgiri/frontend/src/comp
onents/LottieLotus.tsx:
3:1)
    at <unknown> (https
://nextjs.org/docs/mess
ages/module-not-found)
